<?xml version="1.0" encoding="UTF-8"?>
<testsuites name="jest tests" tests="66" failures="1" errors="0" time="13.31">
  <testsuite name="verifyToken Middleware" errors="0" failures="0" skipped="0" timestamp="2024-08-27T18:33:28" time="5.582" tests="4">
    <testcase classname="verifyToken Middleware should return 401 if no authorization header is provided" name="verifyToken Middleware should return 401 if no authorization header is provided" time="0.033">
    </testcase>
    <testcase classname="verifyToken Middleware should return 401 if no token is provided" name="verifyToken Middleware should return 401 if no token is provided" time="0.002">
    </testcase>
    <testcase classname="verifyToken Middleware should return 403 if token verification fails" name="verifyToken Middleware should return 403 if token verification fails" time="0.007">
    </testcase>
    <testcase classname="verifyToken Middleware should call next and set req.user if token is valid" name="verifyToken Middleware should call next and set req.user if token is valid" time="0.007">
    </testcase>
  </testsuite>
  <testsuite name="Auth Service" errors="0" failures="1" skipped="0" timestamp="2024-08-27T18:33:28" time="5.853" tests="9">
    <testcase classname="Auth Service register should register a new user successfully" name="Auth Service register should register a new user successfully" time="0.039">
    </testcase>
    <testcase classname="Auth Service register should throw an error if user already exists" name="Auth Service register should throw an error if user already exists" time="0.068">
    </testcase>
    <testcase classname="Auth Service login should login successfully and return a token" name="Auth Service login should login successfully and return a token" time="0.003">
      <failure>TypeError: user.save is not a function
    at Object.save [as login] (C:\Users\Javie\Documents\Projects\gardenia\Backend\src\features\auth\service.js:59:14)
    at processTicksAndRejections (node:internal/process/task_queues:95:5)
    at Object.&lt;anonymous&gt; (C:\Users\Javie\Documents\Projects\gardenia\Backend\test\unit\features\auth\service.test.js:59:22)</failure>
    </testcase>
    <testcase classname="Auth Service login should throw an error if user is not found" name="Auth Service login should throw an error if user is not found" time="0.003">
    </testcase>
    <testcase classname="Auth Service login should throw an error if password is incorrect" name="Auth Service login should throw an error if password is incorrect" time="0.002">
    </testcase>
    <testcase classname="Auth Service getProfile should return the user profile successfully" name="Auth Service getProfile should return the user profile successfully" time="0.003">
    </testcase>
    <testcase classname="Auth Service getProfile should throw an error if user is not found" name="Auth Service getProfile should throw an error if user is not found" time="0.003">
    </testcase>
    <testcase classname="Auth Service updateProfile should update the user profile successfully" name="Auth Service updateProfile should update the user profile successfully" time="0.002">
    </testcase>
    <testcase classname="Auth Service updateProfile should throw an error if user is not found" name="Auth Service updateProfile should throw an error if user is not found" time="0.002">
    </testcase>
  </testsuite>
  <testsuite name="House Controller Integration" errors="0" failures="0" skipped="0" timestamp="2024-08-27T18:33:28" time="8.395" tests="5">
    <testcase classname="House Controller Integration should create a new house" name="House Controller Integration should create a new house" time="0.108">
    </testcase>
    <testcase classname="House Controller Integration should get all houses" name="House Controller Integration should get all houses" time="0.049">
    </testcase>
    <testcase classname="House Controller Integration should get a house by ID" name="House Controller Integration should get a house by ID" time="0.08">
    </testcase>
    <testcase classname="House Controller Integration should update a house by ID" name="House Controller Integration should update a house by ID" time="0.064">
    </testcase>
    <testcase classname="House Controller Integration should delete a house by ID" name="House Controller Integration should delete a house by ID" time="0.042">
    </testcase>
  </testsuite>
  <testsuite name="House Controller" errors="0" failures="0" skipped="0" timestamp="2024-08-27T18:33:33" time="2.736" tests="9">
    <testcase classname="House Controller should create a new house" name="House Controller should create a new house" time="0.3">
    </testcase>
    <testcase classname="House Controller should return 400 if name or location is missing" name="House Controller should return 400 if name or location is missing" time="0.021">
    </testcase>
    <testcase classname="House Controller should get all houses" name="House Controller should get all houses" time="0.109">
    </testcase>
    <testcase classname="House Controller should get a house by ID" name="House Controller should get a house by ID" time="0.116">
    </testcase>
    <testcase classname="House Controller should return 404 if house not found" name="House Controller should return 404 if house not found" time="0.035">
    </testcase>
    <testcase classname="House Controller should update a house by ID" name="House Controller should update a house by ID" time="0.106">
    </testcase>
    <testcase classname="House Controller should return 404 if house to update not found" name="House Controller should return 404 if house to update not found" time="0.039">
    </testcase>
    <testcase classname="House Controller should delete a house by ID" name="House Controller should delete a house by ID" time="0.072">
    </testcase>
    <testcase classname="House Controller should return 404 if house to delete not found" name="House Controller should return 404 if house to delete not found" time="0.031">
    </testcase>
  </testsuite>
  <testsuite name="Auth Integration Tests" errors="0" failures="0" skipped="0" timestamp="2024-08-27T18:33:33" time="4.946" tests="1">
    <testcase classname="Auth Integration Tests should register a new user, login, and get the profile" name="Auth Integration Tests should register a new user, login, and get the profile" time="1.064">
    </testcase>
  </testsuite>
  <testsuite name="User Model" errors="0" failures="0" skipped="0" timestamp="2024-08-27T18:33:37" time="1.789" tests="3">
    <testcase classname="User Model should create a user with required fields" name="User Model should create a user with required fields" time="0.13">
    </testcase>
    <testcase classname="User Model should not allow duplicate email addresses" name="User Model should not allow duplicate email addresses" time="0.088">
    </testcase>
    <testcase classname="User Model should handle optional fields correctly" name="User Model should handle optional fields correctly" time="0.011">
    </testcase>
  </testsuite>
  <testsuite name="House Service" errors="0" failures="0" skipped="0" timestamp="2024-08-27T18:33:36" time="2.279" tests="13">
    <testcase classname="House Service createHouse should create a new house and return it" name="House Service createHouse should create a new house and return it" time="0.009">
    </testcase>
    <testcase classname="House Service createHouse should throw an error if house creation fails" name="House Service createHouse should throw an error if house creation fails" time="0.036">
    </testcase>
    <testcase classname="House Service getAllHouses should return all houses" name="House Service getAllHouses should return all houses" time="0.002">
    </testcase>
    <testcase classname="House Service getAllHouses should throw an error if retrieval fails" name="House Service getAllHouses should throw an error if retrieval fails" time="0.017">
    </testcase>
    <testcase classname="House Service getHouseById should return the house if found" name="House Service getHouseById should return the house if found" time="0.006">
    </testcase>
    <testcase classname="House Service getHouseById should throw an error if house is not found" name="House Service getHouseById should throw an error if house is not found" time="0.002">
    </testcase>
    <testcase classname="House Service getHouseById should throw an error if retrieval fails" name="House Service getHouseById should throw an error if retrieval fails" time="0.016">
    </testcase>
    <testcase classname="House Service updateHouse should update the house and return the updated house" name="House Service updateHouse should update the house and return the updated house" time="0.003">
    </testcase>
    <testcase classname="House Service updateHouse should throw an error if house is not found for update" name="House Service updateHouse should throw an error if house is not found for update" time="0.005">
    </testcase>
    <testcase classname="House Service updateHouse should throw an error if update fails" name="House Service updateHouse should throw an error if update fails" time="0.014">
    </testcase>
    <testcase classname="House Service deleteHouse should delete the house successfully" name="House Service deleteHouse should delete the house successfully" time="0.002">
    </testcase>
    <testcase classname="House Service deleteHouse should throw an error if house is not found for deletion" name="House Service deleteHouse should throw an error if house is not found for deletion" time="0.005">
    </testcase>
    <testcase classname="House Service deleteHouse should throw an error if deletion fails" name="House Service deleteHouse should throw an error if deletion fails" time="0.004">
    </testcase>
  </testsuite>
  <testsuite name="House Model" errors="0" failures="0" skipped="0" timestamp="2024-08-27T18:33:39" time="0.924" tests="4">
    <testcase classname="House Model should create a house with required fields" name="House Model should create a house with required fields" time="0.069">
    </testcase>
    <testcase classname="House Model should update the updatedAt field before saving" name="House Model should update the updatedAt field before saving" time="0.019">
    </testcase>
    <testcase classname="House Model should have a default createdAt and updatedAt date" name="House Model should have a default createdAt and updatedAt date" time="0.007">
    </testcase>
    <testcase classname="House Model should validate required fields" name="House Model should validate required fields" time="0.006">
    </testcase>
  </testsuite>
  <testsuite name="validateRegisterInput" errors="0" failures="0" skipped="0" timestamp="2024-08-27T18:33:39" time="1.145" tests="4">
    <testcase classname="validateRegisterInput should return valid if both username and password are provided" name="validateRegisterInput should return valid if both username and password are provided" time="0.006">
    </testcase>
    <testcase classname="validateRegisterInput should return invalid if username is missing" name="validateRegisterInput should return invalid if username is missing" time="0.002">
    </testcase>
    <testcase classname="validateRegisterInput should return invalid if password is missing" name="validateRegisterInput should return invalid if password is missing" time="0.002">
    </testcase>
    <testcase classname="validateRegisterInput should return invalid if both username and password are missing" name="validateRegisterInput should return invalid if both username and password are missing" time="0.002">
    </testcase>
  </testsuite>
  <testsuite name="House Controller" errors="0" failures="0" skipped="0" timestamp="2024-08-27T18:33:38" time="1.678" tests="14">
    <testcase classname="House Controller createHouse should create a new house successfully" name="House Controller createHouse should create a new house successfully" time="0.004">
    </testcase>
    <testcase classname="House Controller createHouse should return 400 if name or location is missing" name="House Controller createHouse should return 400 if name or location is missing" time="0.003">
    </testcase>
    <testcase classname="House Controller createHouse should handle internal server error" name="House Controller createHouse should handle internal server error" time="0.001">
    </testcase>
    <testcase classname="House Controller getAllHouses should get all houses successfully" name="House Controller getAllHouses should get all houses successfully" time="0.002">
    </testcase>
    <testcase classname="House Controller getAllHouses should handle internal server error" name="House Controller getAllHouses should handle internal server error" time="0.001">
    </testcase>
    <testcase classname="House Controller getHouseById should get a house by ID successfully" name="House Controller getHouseById should get a house by ID successfully" time="0.002">
    </testcase>
    <testcase classname="House Controller getHouseById should return 404 if house not found" name="House Controller getHouseById should return 404 if house not found" time="0.002">
    </testcase>
    <testcase classname="House Controller getHouseById should handle internal server error" name="House Controller getHouseById should handle internal server error" time="0.002">
    </testcase>
    <testcase classname="House Controller updateHouse should update a house by ID successfully" name="House Controller updateHouse should update a house by ID successfully" time="0.004">
    </testcase>
    <testcase classname="House Controller updateHouse should return 404 if house to update not found" name="House Controller updateHouse should return 404 if house to update not found" time="0.002">
    </testcase>
    <testcase classname="House Controller updateHouse should handle internal server error" name="House Controller updateHouse should handle internal server error" time="0.002">
    </testcase>
    <testcase classname="House Controller deleteHouse should delete a house by ID successfully" name="House Controller deleteHouse should delete a house by ID successfully" time="0.002">
    </testcase>
    <testcase classname="House Controller deleteHouse should return 404 if house to delete not found" name="House Controller deleteHouse should return 404 if house to delete not found" time="0.001">
    </testcase>
    <testcase classname="House Controller deleteHouse should handle internal server error" name="House Controller deleteHouse should handle internal server error" time="0.001">
    </testcase>
  </testsuite>
</testsuites>